{ 'Benchmark("aes-aes")': { 'Array("buf")': { 'partition_factor': 1,
                                              'partition_type': 'cyclic'},
                            'Array("ctx")': { 'partition_factor': 1,
                                              'partition_type': 'cyclic'},
                            'Array("k")': { 'partition_factor': 1,
                                            'partition_type': 'cyclic'},
                            'Array("rcon")': { 'partition_factor': 1,
                                               'partition_type': 'cyclic'},
                            'Array("sbox")': { 'partition_factor': 1,
                                               'partition_type': 'cyclic'},
                            'Function("aes256_encrypt_ecb")': { 'Loop("ecb1")': { 'unrolling': 1},
                                                                'Loop("ecb2")': { 'unrolling': 1},
                                                                'Loop("ecb3")': { 'unrolling': 1}},
                            'Function("aes_addRoundKey")': { 'Loop("addkey")': { 'unrolling': 1}},
                            'Function("aes_addRoundKey_cpy")': { 'Loop("cpkey")': { 'unrolling': 1}},
                            'Function("aes_subBytes")': { 'Loop("sub")': { 'unrolling': 1}},
                            'cycle_time': 1,
                            'pipelining': False}}
{ 'Benchmark("aes-aes")': { 'Array("buf")': { 'partition_factor': 1,
                                              'partition_type': 'cyclic'},
                            'Array("ctx")': { 'partition_factor': 1,
                                              'partition_type': 'cyclic'},
                            'Array("k")': { 'partition_factor': 1,
                                            'partition_type': 'cyclic'},
                            'Array("rcon")': { 'partition_factor': 1,
                                               'partition_type': 'cyclic'},
                            'Array("sbox")': { 'partition_factor': 1,
                                               'partition_type': 'cyclic'},
                            'Function("aes256_encrypt_ecb")': { 'Loop("ecb1")': { 'unrolling': 1},
                                                                'Loop("ecb2")': { 'unrolling': 1},
                                                                'Loop("ecb3")': { 'unrolling': 1}},
                            'Function("aes_addRoundKey")': { 'Loop("addkey")': { 'unrolling': 1}},
                            'Function("aes_addRoundKey_cpy")': { 'Loop("cpkey")': { 'unrolling': 1}},
                            'Function("aes_subBytes")': { 'Loop("sub")': { 'unrolling': 1}},
                            'cycle_time': 2,
                            'pipelining': False}}
{ 'Benchmark("aes-aes")': { 'Array("buf")': { 'partition_factor': 1,
                                              'partition_type': 'cyclic'},
                            'Array("ctx")': { 'partition_factor': 1,
                                              'partition_type': 'cyclic'},
                            'Array("k")': { 'partition_factor': 1,
                                            'partition_type': 'cyclic'},
                            'Array("rcon")': { 'partition_factor': 1,
                                               'partition_type': 'cyclic'},
                            'Array("sbox")': { 'partition_factor': 1,
                                               'partition_type': 'cyclic'},
                            'Function("aes256_encrypt_ecb")': { 'Loop("ecb1")': { 'unrolling': 1},
                                                                'Loop("ecb2")': { 'unrolling': 1},
                                                                'Loop("ecb3")': { 'unrolling': 1}},
                            'Function("aes_addRoundKey")': { 'Loop("addkey")': { 'unrolling': 1}},
                            'Function("aes_addRoundKey_cpy")': { 'Loop("cpkey")': { 'unrolling': 1}},
                            'Function("aes_subBytes")': { 'Loop("sub")': { 'unrolling': 1}},
                            'cycle_time': 3,
                            'pipelining': False}}
{ 'Benchmark("aes-aes")': { 'Array("buf")': { 'partition_factor': 1,
                                              'partition_type': 'cyclic'},
                            'Array("ctx")': { 'partition_factor': 1,
                                              'partition_type': 'cyclic'},
                            'Array("k")': { 'partition_factor': 1,
                                            'partition_type': 'cyclic'},
                            'Array("rcon")': { 'partition_factor': 1,
                                               'partition_type': 'cyclic'},
                            'Array("sbox")': { 'partition_factor': 1,
                                               'partition_type': 'cyclic'},
                            'Function("aes256_encrypt_ecb")': { 'Loop("ecb1")': { 'unrolling': 1},
                                                                'Loop("ecb2")': { 'unrolling': 1},
                                                                'Loop("ecb3")': { 'unrolling': 1}},
                            'Function("aes_addRoundKey")': { 'Loop("addkey")': { 'unrolling': 1}},
                            'Function("aes_addRoundKey_cpy")': { 'Loop("cpkey")': { 'unrolling': 1}},
                            'Function("aes_subBytes")': { 'Loop("sub")': { 'unrolling': 1}},
                            'cycle_time': 4,
                            'pipelining': False}}
{ 'Benchmark("aes-aes")': { 'Array("buf")': { 'partition_factor': 1,
                                              'partition_type': 'cyclic'},
                            'Array("ctx")': { 'partition_factor': 1,
                                              'partition_type': 'cyclic'},
                            'Array("k")': { 'partition_factor': 1,
                                            'partition_type': 'cyclic'},
                            'Array("rcon")': { 'partition_factor': 1,
                                               'partition_type': 'cyclic'},
                            'Array("sbox")': { 'partition_factor': 1,
                                               'partition_type': 'cyclic'},
                            'Function("aes256_encrypt_ecb")': { 'Loop("ecb1")': { 'unrolling': 1},
                                                                'Loop("ecb2")': { 'unrolling': 1},
                                                                'Loop("ecb3")': { 'unrolling': 1}},
                            'Function("aes_addRoundKey")': { 'Loop("addkey")': { 'unrolling': 1}},
                            'Function("aes_addRoundKey_cpy")': { 'Loop("cpkey")': { 'unrolling': 1}},
                            'Function("aes_subBytes")': { 'Loop("sub")': { 'unrolling': 1}},
                            'cycle_time': 5,
                            'pipelining': False}}
