[
  {
    "SweepableView(DesignSweep(\"single\"))": {
      "SweepableView(Benchmark(\"aes-aes\"))": {
        "SweepableView(Array(\"buf\"))": {
          "partition_factor": 1, 
          "partition_type": "cyclic"
        }, 
        "SweepableView(Array(\"ctx\"))": {
          "partition_factor": 1, 
          "partition_type": "cyclic"
        }, 
        "SweepableView(Array(\"k\"))": {
          "partition_factor": 1, 
          "partition_type": "cyclic"
        }, 
        "SweepableView(Array(\"rcon\"))": {
          "partition_factor": 1, 
          "partition_type": "cyclic"
        }, 
        "SweepableView(Array(\"sbox\"))": {
          "partition_factor": 1, 
          "partition_type": "cyclic"
        }, 
        "SweepableView(Function(\"aes256_encrypt_ecb\"))": {
          "SweepableView(Loop(\"ecb1\"))": {
            "unrolling": 1
          }, 
          "SweepableView(Loop(\"ecb2\"))": {
            "unrolling": 1
          }, 
          "SweepableView(Loop(\"ecb3\"))": {
            "unrolling": 1
          }
        }, 
        "SweepableView(Function(\"aes_addRoundKey\"))": {
          "SweepableView(Loop(\"addkey\"))": {
            "unrolling": 1
          }
        }, 
        "SweepableView(Function(\"aes_addRoundKey_cpy\"))": {
          "SweepableView(Loop(\"cpkey\"))": {
            "unrolling": 1
          }
        }, 
        "SweepableView(Function(\"aes_subBytes\"))": {
          "SweepableView(Loop(\"sub\"))": {
            "unrolling": 1
          }
        }, 
        "cycle_time": 1, 
        "pipelining": false
      }
    }
  }, 
  {
    "SweepableView(DesignSweep(\"single\"))": {
      "SweepableView(Benchmark(\"aes-aes\"))": {
        "SweepableView(Array(\"buf\"))": {
          "partition_factor": 1, 
          "partition_type": "cyclic"
        }, 
        "SweepableView(Array(\"ctx\"))": {
          "partition_factor": 1, 
          "partition_type": "cyclic"
        }, 
        "SweepableView(Array(\"k\"))": {
          "partition_factor": 1, 
          "partition_type": "cyclic"
        }, 
        "SweepableView(Array(\"rcon\"))": {
          "partition_factor": 1, 
          "partition_type": "cyclic"
        }, 
        "SweepableView(Array(\"sbox\"))": {
          "partition_factor": 1, 
          "partition_type": "cyclic"
        }, 
        "SweepableView(Function(\"aes256_encrypt_ecb\"))": {
          "SweepableView(Loop(\"ecb1\"))": {
            "unrolling": 1
          }, 
          "SweepableView(Loop(\"ecb2\"))": {
            "unrolling": 1
          }, 
          "SweepableView(Loop(\"ecb3\"))": {
            "unrolling": 1
          }
        }, 
        "SweepableView(Function(\"aes_addRoundKey\"))": {
          "SweepableView(Loop(\"addkey\"))": {
            "unrolling": 1
          }
        }, 
        "SweepableView(Function(\"aes_addRoundKey_cpy\"))": {
          "SweepableView(Loop(\"cpkey\"))": {
            "unrolling": 1
          }
        }, 
        "SweepableView(Function(\"aes_subBytes\"))": {
          "SweepableView(Loop(\"sub\"))": {
            "unrolling": 1
          }
        }, 
        "cycle_time": 2, 
        "pipelining": false
      }
    }
  }, 
  {
    "SweepableView(DesignSweep(\"single\"))": {
      "SweepableView(Benchmark(\"aes-aes\"))": {
        "SweepableView(Array(\"buf\"))": {
          "partition_factor": 1, 
          "partition_type": "cyclic"
        }, 
        "SweepableView(Array(\"ctx\"))": {
          "partition_factor": 1, 
          "partition_type": "cyclic"
        }, 
        "SweepableView(Array(\"k\"))": {
          "partition_factor": 1, 
          "partition_type": "cyclic"
        }, 
        "SweepableView(Array(\"rcon\"))": {
          "partition_factor": 1, 
          "partition_type": "cyclic"
        }, 
        "SweepableView(Array(\"sbox\"))": {
          "partition_factor": 1, 
          "partition_type": "cyclic"
        }, 
        "SweepableView(Function(\"aes256_encrypt_ecb\"))": {
          "SweepableView(Loop(\"ecb1\"))": {
            "unrolling": 1
          }, 
          "SweepableView(Loop(\"ecb2\"))": {
            "unrolling": 1
          }, 
          "SweepableView(Loop(\"ecb3\"))": {
            "unrolling": 1
          }
        }, 
        "SweepableView(Function(\"aes_addRoundKey\"))": {
          "SweepableView(Loop(\"addkey\"))": {
            "unrolling": 1
          }
        }, 
        "SweepableView(Function(\"aes_addRoundKey_cpy\"))": {
          "SweepableView(Loop(\"cpkey\"))": {
            "unrolling": 1
          }
        }, 
        "SweepableView(Function(\"aes_subBytes\"))": {
          "SweepableView(Loop(\"sub\"))": {
            "unrolling": 1
          }
        }, 
        "cycle_time": 3, 
        "pipelining": false
      }
    }
  }, 
  {
    "SweepableView(DesignSweep(\"single\"))": {
      "SweepableView(Benchmark(\"aes-aes\"))": {
        "SweepableView(Array(\"buf\"))": {
          "partition_factor": 1, 
          "partition_type": "cyclic"
        }, 
        "SweepableView(Array(\"ctx\"))": {
          "partition_factor": 1, 
          "partition_type": "cyclic"
        }, 
        "SweepableView(Array(\"k\"))": {
          "partition_factor": 1, 
          "partition_type": "cyclic"
        }, 
        "SweepableView(Array(\"rcon\"))": {
          "partition_factor": 1, 
          "partition_type": "cyclic"
        }, 
        "SweepableView(Array(\"sbox\"))": {
          "partition_factor": 1, 
          "partition_type": "cyclic"
        }, 
        "SweepableView(Function(\"aes256_encrypt_ecb\"))": {
          "SweepableView(Loop(\"ecb1\"))": {
            "unrolling": 1
          }, 
          "SweepableView(Loop(\"ecb2\"))": {
            "unrolling": 1
          }, 
          "SweepableView(Loop(\"ecb3\"))": {
            "unrolling": 1
          }
        }, 
        "SweepableView(Function(\"aes_addRoundKey\"))": {
          "SweepableView(Loop(\"addkey\"))": {
            "unrolling": 1
          }
        }, 
        "SweepableView(Function(\"aes_addRoundKey_cpy\"))": {
          "SweepableView(Loop(\"cpkey\"))": {
            "unrolling": 1
          }
        }, 
        "SweepableView(Function(\"aes_subBytes\"))": {
          "SweepableView(Loop(\"sub\"))": {
            "unrolling": 1
          }
        }, 
        "cycle_time": 4, 
        "pipelining": false
      }
    }
  }, 
  {
    "SweepableView(DesignSweep(\"single\"))": {
      "SweepableView(Benchmark(\"aes-aes\"))": {
        "SweepableView(Array(\"buf\"))": {
          "partition_factor": 1, 
          "partition_type": "cyclic"
        }, 
        "SweepableView(Array(\"ctx\"))": {
          "partition_factor": 1, 
          "partition_type": "cyclic"
        }, 
        "SweepableView(Array(\"k\"))": {
          "partition_factor": 1, 
          "partition_type": "cyclic"
        }, 
        "SweepableView(Array(\"rcon\"))": {
          "partition_factor": 1, 
          "partition_type": "cyclic"
        }, 
        "SweepableView(Array(\"sbox\"))": {
          "partition_factor": 1, 
          "partition_type": "cyclic"
        }, 
        "SweepableView(Function(\"aes256_encrypt_ecb\"))": {
          "SweepableView(Loop(\"ecb1\"))": {
            "unrolling": 1
          }, 
          "SweepableView(Loop(\"ecb2\"))": {
            "unrolling": 1
          }, 
          "SweepableView(Loop(\"ecb3\"))": {
            "unrolling": 1
          }
        }, 
        "SweepableView(Function(\"aes_addRoundKey\"))": {
          "SweepableView(Loop(\"addkey\"))": {
            "unrolling": 1
          }
        }, 
        "SweepableView(Function(\"aes_addRoundKey_cpy\"))": {
          "SweepableView(Loop(\"cpkey\"))": {
            "unrolling": 1
          }
        }, 
        "SweepableView(Function(\"aes_subBytes\"))": {
          "SweepableView(Loop(\"sub\"))": {
            "unrolling": 1
          }
        }, 
        "cycle_time": 5, 
        "pipelining": false
      }
    }
  }
]